################################################################################
#                                                                              #
#      IAR Universal Linker V5.3.2.26                                          #
#                                                                              #
#           Link time     =  27/Sep/2013  10:05:57                             #
#           Target CPU    =  MSP430                                            #
#           List file     =  E:\WorkSpace\IAR_MSP430\GPS_V1\Debug\List\gps_v1. #
#                            map                                               #
#           Output file 1 =  E:\WorkSpace\IAR_MSP430\GPS_V1\Debug\Exe\gps_v1.d #
#                            43                                                #
#                            Format: debug                                     #
#                            UBROF version 10.0.6                              #
#                            Using library modules for C-SPY (-rt)             #
#           Command line  =  E:\WorkSpace\IAR_MSP430\GPS_V1\Debug\Obj\diskio.r #
#                            43                                                #
#                            E:\WorkSpace\IAR_MSP430\GPS_V1\Debug\Obj\gps_v1.r #
#                            43                                                #
#                            E:\WorkSpace\IAR_MSP430\GPS_V1\Debug\Obj\lcd.r43  #
#                            E:\WorkSpace\IAR_MSP430\GPS_V1\Debug\Obj\pff.r43  #
#                            E:\WorkSpace\IAR_MSP430\GPS_V1\Debug\Obj\spi.r43  #
#                            -o                                                #
#                            E:\WorkSpace\IAR_MSP430\GPS_V1\Debug\Exe\gps_v1.d #
#                            43                                                #
#                            -l                                                #
#                            E:\WorkSpace\IAR_MSP430\GPS_V1\Debug\List\gps_v1. #
#                            map                                               #
#                            -xms "-ID:\IAR Systems\430\LIB\" -f               #
#                            "D:\IAR Systems\430\CONFIG\lnk430G2553.xcl"       #
#                            (-cmsp430 -QCODE_I=CODE_ID                        #
#                            -Z(DATA)DATA16_I,DATA16_Z,DATA16_N,TLS16_I,DATA16 #
#                            _HEAP+_DATA16_HEAP_SIZE=0200-03FF                 #
#                            -Z(DATA)CODE_I -Z(DATA)CSTACK+_STACK_SIZE#        #
#                            -Z(CONST)INFO=1000-10FF                           #
#                            -Z(CONST)INFOA=10C0-10FF                          #
#                            -Z(CONST)INFOB=1080-10BF                          #
#                            -Z(CONST)INFOC=1040-107F                          #
#                            -Z(CONST)INFOD=1000-103F                          #
#                            -Z(CONST)DATA16_C,DATA16_ID,TLS16_ID,DIFUNCT,CHEC #
#                            KSUM=C000-FFDF                                    #
#                            -Z(CODE)CSTART,ISR_CODE,CODE_ID=C000-FFDF         #
#                            -P(CODE)CODE=C000-FFDF -Z(CODE)INTVEC=FFE0-FFFF   #
#                            -Z(CODE)RESET=FFFE-FFFF) -D_STACK_SIZE=50 -rt     #
#                            "D:\IAR Systems\430\LIB\DLIB\dl430fn.r43"         #
#                            -D_DATA16_HEAP_SIZE=50 -s __program_start         #
#                            -D_DATA20_HEAP_SIZE=50                            #
#                                                                              #
#                           Copyright (C) 1987-2012 IAR Systems AB.            #
################################################################################





                ****************************************
                *                                      *
                *           CROSS REFERENCE            *
                *                                      *
                ****************************************

       Program entry at :           C31A  Relocatable, from module : ?cstart




                ****************************************
                *                                      *
                *            RUNTIME MODEL             *
                *                                      *
                ****************************************

  __Heap_Handler             = Basic
  __SystemLibrary            = DLib
  __core                     = 430
  __dlib_file_descriptor     = 0
  __dlib_full_locale_support = 0
  __double_size              = 32
  __pic                      = no
  __reg_r4                   = free
  __reg_r5                   = free
  __rt_version               = 3

                ****************************************
                *                                      *
                *    AUTOMATIC SYMBOL REDIRECTIONS     *
                *                                      *
                ****************************************

                  There are no automatic symbol redirections.



                ****************************************
                *                                      *
                *              MODULE MAP              *
                *                                      *
                ****************************************


  DEFINED ABSOLUTE ENTRIES
    *************************************************************************

  DEFINED ABSOLUTE ENTRIES
  PROGRAM MODULE, NAME : ?ABS_ENTRY_MOD

Absolute parts
           ENTRY                   ADDRESS         REF BY
           =====                   =======         ======
           _DATA20_HEAP_SIZE       0050 
           _DATA16_HEAP_SIZE       0050 
           _STACK_SIZE             0050 
    *************************************************************************

  FILE NAME : E:\WorkSpace\IAR_MSP430\GPS_V1\Debug\Obj\diskio.r43
  PROGRAM MODULE, NAME : diskio

  SEGMENTS IN THE MODULE
  ======================
DATA16_AN
  Relative segment, address: 0020 - 0020 (0x1 bytes), align: 0
  Segment part 1. ROOT.       Intra module refs:   Timer0_ccr0_isr (gps_v1)
                                                   rcvr_mmc
           ENTRY                   ADDRESS         REF BY
           =====                   =======         ======
           P1IN                    0020 
    -------------------------------------------------------------------------
DATA16_AN
  Relative segment, address: 0021 - 0021 (0x1 bytes), align: 0
  Segment part 2. ROOT.       Intra module refs:   InitKey (gps_v1)
                                                   disk_initialize
                                                   rcvr_mmc
                                                   release_spi
                                                   send_cmd
                                                   skip_mmc
                                                   xmit_mmc
           ENTRY                   ADDRESS         REF BY
           =====                   =======         ======
           P1OUT                   0021 
    -------------------------------------------------------------------------
DATA16_AN
  Relative segment, address: 0022 - 0022 (0x1 bytes), align: 0
  Segment part 3. ROOT.       Intra module refs:   INIT_PORT
                                                   InitKey (gps_v1)
           ENTRY                   ADDRESS         REF BY
           =====                   =======         ======
           P1DIR                   0022 
    -------------------------------------------------------------------------
DATA16_Z
  Relative segment, address: 0206 - 0206 (0x1 bytes), align: 0
  Segment part 5.             Intra module refs:   disk_initialize
                                                   disk_readp
                                                   disk_writep
           LOCAL                   ADDRESS         
           =====                   =======         
           CardType                0206 
    -------------------------------------------------------------------------
<CODE> 1 (was CODE)
  Relative segment, address: DC8A - DC97 (0xe bytes), align: 1
  Segment part 14.            Intra module refs:   disk_initialize
           ENTRY                   ADDRESS         REF BY
           =====                   =======         ======
           INIT_PORT               DC8A 
               CSTACK = 00000000 ( 00000002 )
    -------------------------------------------------------------------------
<CODE> 1 (was CODE)
  Relative segment, address: CD2A - CE01 (0xd8 bytes), align: 1
  Segment part 9.             Intra module refs:   disk_writep
                                                   send_cmd
           LOCAL                   ADDRESS         
           =====                   =======         
           xmit_mmc                CD2A 
               CSTACK = 00000000 ( 00000002 )
    -------------------------------------------------------------------------
<CODE> 1 (was CODE)
  Relative segment, address: CE02 - CEC7 (0xc6 bytes), align: 1
  Segment part 7.             Intra module refs:   disk_initialize
                                                   disk_readp
                                                   disk_writep
                                                   release_spi
                                                   send_cmd
           LOCAL                   ADDRESS         
           =====                   =======         
           rcvr_mmc                CE02 
               CSTACK = 00000000 ( 00000002 )
    -------------------------------------------------------------------------
<CODE> 1 (was CODE)
  Relative segment, address: D786 - D7EF (0x6a bytes), align: 1
  Segment part 12.            Intra module refs:   disk_initialize
                                                   disk_readp
           LOCAL                   ADDRESS         
           =====                   =======         
           skip_mmc                D786 
               CSTACK = 00000000 ( 00000002 )
    -------------------------------------------------------------------------
<CODE> 1 (was CODE)
  Relative segment, address: DC98 - DCA1 (0xa bytes), align: 1
  Segment part 8.             Intra module refs:   disk_initialize
                                                   disk_readp
                                                   disk_writep
           LOCAL                   ADDRESS         
           =====                   =======         
           release_spi             DC98 
               calls direct
               CSTACK = 00000000 ( 00000002 )
    -------------------------------------------------------------------------
<CODE> 1 (was CODE)
  Relative segment, address: D69C - D713 (0x78 bytes), align: 1
  Segment part 10.            Intra module refs:   disk_initialize
                                                   disk_readp
                                                   disk_writep
           LOCAL                   ADDRESS         
           =====                   =======         
           send_cmd                D69C 
               calls direct
               CSTACK = 00000000 ( 0000000A )
    -------------------------------------------------------------------------
<CODE> 1 (was CODE)
  Relative segment, address: CBFE - CD29 (0x12c bytes), align: 1
  Segment part 15.
           ENTRY                   ADDRESS         REF BY
           =====                   =======         ======
           disk_initialize         CBFE            main (gps_v1)
                                                   pf_mount (pff)
               calls direct
               CSTACK = 00000000 ( 0000000C )
    -------------------------------------------------------------------------
<CODE> 1 (was CODE)
  Relative segment, address: D37C - D40B (0x90 bytes), align: 1
  Segment part 13.
           ENTRY                   ADDRESS         REF BY
           =====                   =======         ======
           disk_readp              D37C            check_fs (pff)
                                                   dir_find (pff)
                                                   get_fat (pff)
                                                   pf_mount (pff)
               calls direct
               CSTACK = 00000000 ( 00000008 )
    -------------------------------------------------------------------------
<CODE> 1 (was CODE)
  Relative segment, address: CF84 - D039 (0xb6 bytes), align: 1
  Segment part 11.
           ENTRY                   ADDRESS         REF BY
           =====                   =======         ======
           disk_writep             CF84            pf_write (pff)
               calls direct
               CSTACK = 00000000 ( 00000004 )
    -------------------------------------------------------------------------
DATA16_Z
  Relative segment, address: 0202 - 0203 (0x2 bytes), align: 1
  Segment part 6.             Intra module refs:   disk_writep
           LOCAL                   ADDRESS         
           =====                   =======         
           disk_writep::wc         0202 

    *************************************************************************

  FILE NAME : E:\WorkSpace\IAR_MSP430\GPS_V1\Debug\Obj\gps_v1.r43
  PROGRAM MODULE, NAME : gps_v1

  SEGMENTS IN THE MODULE
  ======================
DATA16_AN
  Relative segment, address: 0002 - 0002 (0x1 bytes), align: 0
  Segment part 1. ROOT.       Intra module refs:   InitSysClk
           ENTRY                   ADDRESS         REF BY
           =====                   =======         ======
           IFG1                    0002 
    -------------------------------------------------------------------------
DATA16_AN
  Relative segment, address: 0001 - 0001 (0x1 bytes), align: 0
  Segment part 2. ROOT.       Intra module refs:   InitUart
                                                   main
           ENTRY                   ADDRESS         REF BY
           =====                   =======         ======
           IE2                     0001 
    -------------------------------------------------------------------------
DATA16_AN
  Relative segment, address: 0056 - 0056 (0x1 bytes), align: 0
  Segment part 3. ROOT.       Intra module refs:   InitSysClk
           ENTRY                   ADDRESS         REF BY
           =====                   =======         ======
           DCOCTL                  0056 
    -------------------------------------------------------------------------
DATA16_AN
  Relative segment, address: 0057 - 0057 (0x1 bytes), align: 0
  Segment part 4. ROOT.       Intra module refs:   InitSysClk
           ENTRY                   ADDRESS         REF BY
           =====                   =======         ======
           BCSCTL1                 0057 
    -------------------------------------------------------------------------
DATA16_AN
  Relative segment, address: 0058 - 0058 (0x1 bytes), align: 0
  Segment part 5. ROOT.       Intra module refs:   InitSysClk
           ENTRY                   ADDRESS         REF BY
           =====                   =======         ======
           BCSCTL2                 0058 
    -------------------------------------------------------------------------
DATA16_AN
  Relative segment, address: 0023 - 0023 (0x1 bytes), align: 0
  Segment part 9. ROOT.       Intra module refs:   InitKey
                                                   key12_isr
           ENTRY                   ADDRESS         REF BY
           =====                   =======         ======
           P1IFG                   0023 
    -------------------------------------------------------------------------
DATA16_AN
  Relative segment, address: 0024 - 0024 (0x1 bytes), align: 0
  Segment part 10. ROOT.      Intra module refs:   InitKey
           ENTRY                   ADDRESS         REF BY
           =====                   =======         ======
           P1IES                   0024 
    -------------------------------------------------------------------------
DATA16_AN
  Relative segment, address: 0025 - 0025 (0x1 bytes), align: 0
  Segment part 11. ROOT.      Intra module refs:   InitKey
           ENTRY                   ADDRESS         REF BY
           =====                   =======         ======
           P1IE                    0025 
    -------------------------------------------------------------------------
DATA16_AN
  Relative segment, address: 0026 - 0026 (0x1 bytes), align: 0
  Segment part 12. ROOT.      Intra module refs:   InitUart
           ENTRY                   ADDRESS         REF BY
           =====                   =======         ======
           P1SEL                   0026 
    -------------------------------------------------------------------------
DATA16_AN
  Relative segment, address: 0041 - 0041 (0x1 bytes), align: 0
  Segment part 13. ROOT.      Intra module refs:   InitUart
           ENTRY                   ADDRESS         REF BY
           =====                   =======         ======
           P1SEL2                  0041 
    -------------------------------------------------------------------------
DATA16_AN
  Relative segment, address: 0027 - 0027 (0x1 bytes), align: 0
  Segment part 14. ROOT.      Intra module refs:   InitKey
           ENTRY                   ADDRESS         REF BY
           =====                   =======         ======
           P1REN                   0027 
    -------------------------------------------------------------------------
DATA16_AN
  Relative segment, address: 0028 - 0028 (0x1 bytes), align: 0
  Segment part 15. ROOT.      Intra module refs:   Timer0_ccr0_isr
           ENTRY                   ADDRESS         REF BY
           =====                   =======         ======
           P2IN                    0028 
    -------------------------------------------------------------------------
DATA16_AN
  Relative segment, address: 0029 - 0029 (0x1 bytes), align: 0
  Segment part 16. ROOT.      Intra module refs:   InitKey
                                                   LCD_Init (lcd)
                                                   LCD_WriteByte (lcd)
                                                   main
           ENTRY                   ADDRESS         REF BY
           =====                   =======         ======
           P2OUT                   0029 
    -------------------------------------------------------------------------
DATA16_AN
  Relative segment, address: 002A - 002A (0x1 bytes), align: 0
  Segment part 17. ROOT.      Intra module refs:   InitKey
                                                   LCD_Init (lcd)
           ENTRY                   ADDRESS         REF BY
           =====                   =======         ======
           P2DIR                   002A 
    -------------------------------------------------------------------------
DATA16_AN
  Relative segment, address: 002B - 002B (0x1 bytes), align: 0
  Segment part 18. ROOT.      Intra module refs:   InitKey
                                                   key34_isr
           ENTRY                   ADDRESS         REF BY
           =====                   =======         ======
           P2IFG                   002B 
    -------------------------------------------------------------------------
DATA16_AN
  Relative segment, address: 002C - 002C (0x1 bytes), align: 0
  Segment part 19. ROOT.      Intra module refs:   InitKey
           ENTRY                   ADDRESS         REF BY
           =====                   =======         ======
           P2IES                   002C 
    -------------------------------------------------------------------------
DATA16_AN
  Relative segment, address: 002D - 002D (0x1 bytes), align: 0
  Segment part 20. ROOT.      Intra module refs:   InitKey
           ENTRY                   ADDRESS         REF BY
           =====                   =======         ======
           P2IE                    002D 
    -------------------------------------------------------------------------
DATA16_AN
  Relative segment, address: 002E - 002E (0x1 bytes), align: 0
  Segment part 21. ROOT.      Intra module refs:   InitKey
           ENTRY                   ADDRESS         REF BY
           =====                   =======         ======
           P2SEL                   002E 
    -------------------------------------------------------------------------
DATA16_AN
  Relative segment, address: 0042 - 0042 (0x1 bytes), align: 0
  Segment part 22. ROOT.      Intra module refs:   InitKey
           ENTRY                   ADDRESS         REF BY
           =====                   =======         ======
           P2SEL2                  0042 
    -------------------------------------------------------------------------
DATA16_AN
  Relative segment, address: 002F - 002F (0x1 bytes), align: 0
  Segment part 23. ROOT.      Intra module refs:   InitKey
           ENTRY                   ADDRESS         REF BY
           =====                   =======         ======
           P2REN                   002F 
    -------------------------------------------------------------------------
DATA16_AN
  Relative segment, address: 0160 - 0161 (0x2 bytes), align: 0
  Segment part 24. ROOT.      Intra module refs:   InitTimerA0
                                                   Timer0_ccr0_isr
                                                   key12_isr
                                                   key34_isr
           ENTRY                   ADDRESS         REF BY
           =====                   =======         ======
           TA0CTL                  0160 
    -------------------------------------------------------------------------
DATA16_AN
  Relative segment, address: 0162 - 0163 (0x2 bytes), align: 0
  Segment part 25. ROOT.      Intra module refs:   InitTimerA0
           ENTRY                   ADDRESS         REF BY
           =====                   =======         ======
           TA0CCTL0                0162 
    -------------------------------------------------------------------------
DATA16_AN
  Relative segment, address: 0172 - 0173 (0x2 bytes), align: 0
  Segment part 26. ROOT.      Intra module refs:   InitTimerA0
           ENTRY                   ADDRESS         REF BY
           =====                   =======         ======
           TA0CCR0                 0172 
    -------------------------------------------------------------------------
DATA16_AN
  Relative segment, address: 0061 - 0061 (0x1 bytes), align: 0
  Segment part 27. ROOT.      Intra module refs:   InitUart
                                                   main
           ENTRY                   ADDRESS         REF BY
           =====                   =======         ======
           UCA0CTL1                0061 
    -------------------------------------------------------------------------
DATA16_AN
  Relative segment, address: 0062 - 0062 (0x1 bytes), align: 0
  Segment part 28. ROOT.      Intra module refs:   InitUart
           ENTRY                   ADDRESS         REF BY
           =====                   =======         ======
           UCA0BR0                 0062 
    -------------------------------------------------------------------------
DATA16_AN
  Relative segment, address: 0063 - 0063 (0x1 bytes), align: 0
  Segment part 29. ROOT.      Intra module refs:   InitUart
           ENTRY                   ADDRESS         REF BY
           =====                   =======         ======
           UCA0BR1                 0063 
    -------------------------------------------------------------------------
DATA16_AN
  Relative segment, address: 0064 - 0064 (0x1 bytes), align: 0
  Segment part 30. ROOT.      Intra module refs:   InitUart
           ENTRY                   ADDRESS         REF BY
           =====                   =======         ======
           UCA0MCTL                0064 
    -------------------------------------------------------------------------
DATA16_AN
  Relative segment, address: 0066 - 0066 (0x1 bytes), align: 0
  Segment part 31. ROOT.      Intra module refs:   USCI_A0_RX_ISR
           ENTRY                   ADDRESS         REF BY
           =====                   =======         ======
           UCA0RXBUF               0066 
    -------------------------------------------------------------------------
DATA16_AN
  Relative segment, address: 0067 - 0067 (0x1 bytes), align: 0
  Segment part 32. ROOT.      Intra module refs:   main
           ENTRY                   ADDRESS         REF BY
           =====                   =======         ======
           UCA0TXBUF               0067 
    -------------------------------------------------------------------------
DATA16_AN
  Relative segment, address: 0120 - 0121 (0x2 bytes), align: 0
  Segment part 33. ROOT.      Intra module refs:   main
           ENTRY                   ADDRESS         REF BY
           =====                   =======         ======
           WDTCTL                  0120 
    -------------------------------------------------------------------------
DATA16_AN
  Relative segment, address: 10FE - 10FE (0x1 bytes), align: 0
  Segment part 34. ROOT.      Intra module refs:   InitSysClk
           ENTRY                   ADDRESS         REF BY
           =====                   =======         ======
           CALDCO_1MHZ             10FE 
    -------------------------------------------------------------------------
DATA16_AN
  Relative segment, address: 10FF - 10FF (0x1 bytes), align: 0
  Segment part 35. ROOT.      Intra module refs:   InitSysClk
           ENTRY                   ADDRESS         REF BY
           =====                   =======         ======
           CALBC1_1MHZ             10FF 
    -------------------------------------------------------------------------
DATA16_Z
  Relative segment, address: 0207 - 0207 (0x1 bytes), align: 0
  Segment part 47.            Intra module refs:   USCI_A0_RX_ISR
           ENTRY                   ADDRESS         REF BY
           =====                   =======         ======
           g_rcv_start             0207 
    -------------------------------------------------------------------------
DATA16_Z
  Relative segment, address: 0208 - 0208 (0x1 bytes), align: 0
  Segment part 48.            Intra module refs:   USCI_A0_RX_ISR
                                                   main
           ENTRY                   ADDRESS         REF BY
           =====                   =======         ======
           g_rcv_ok                0208 
    -------------------------------------------------------------------------
DATA16_Z
  Relative segment, address: 0209 - 0209 (0x1 bytes), align: 0
  Segment part 49.            Intra module refs:   USCI_A0_RX_ISR
                                                   main
           ENTRY                   ADDRESS         REF BY
           =====                   =======         ======
           g_rcv_cnt               0209 
    -------------------------------------------------------------------------
DATA16_Z
  Relative segment, address: 020A - 0259 (0x50 bytes), align: 0
  Segment part 50.            Intra module refs:   USCI_A0_RX_ISR
                                                   main
           ENTRY                   ADDRESS         REF BY
           =====                   =======         ======
           g_rcv_buf               020A 
    -------------------------------------------------------------------------
DATA16_Z
  Relative segment, address: 025A - 0268 (0xf bytes), align: 0
  Segment part 51.            Intra module refs:   USCI_A0_RX_ISR
                                                   main
           ENTRY                   ADDRESS         REF BY
           =====                   =======         ======
           g_comma                 025A 
    -------------------------------------------------------------------------
DATA16_Z
  Relative segment, address: 0269 - 0269 (0x1 bytes), align: 0
  Segment part 52.            Intra module refs:   USCI_A0_RX_ISR
           ENTRY                   ADDRESS         REF BY
           =====                   =======         ======
           g_comma_cnt             0269 
    -------------------------------------------------------------------------
DATA16_Z
  Relative segment, address: 026A - 029A (0x31 bytes), align: 0
  Segment part 53.            Intra module refs:   DispTime
                                                   DispUpdate
                                                   main
           ENTRY                   ADDRESS         REF BY
           =====                   =======         ======
           g_rmc_data              026A 
    -------------------------------------------------------------------------
<CODE> 1 (was CODE)
  Relative segment, address: C7B4 - C933 (0x180 bytes), align: 1
  Segment part 83.            Intra module refs:   main
           ENTRY                   ADDRESS         REF BY
           =====                   =======         ======
           rmc_dec                 C7B4 
               CSTACK = 00000000 ( 0000003A )
    -------------------------------------------------------------------------
<CODE> 1 (was CODE)
  Relative segment, address: DB52 - DB71 (0x20 bytes), align: 1
  Segment part 84.            Intra module refs:   main
           ENTRY                   ADDRESS         REF BY
           =====                   =======         ======
           get_msg_type            DB52 
               CSTACK = 00000000 ( 00000002 )
    -------------------------------------------------------------------------
DATA16_Z
  Relative segment, address: 029B - 029B (0x1 bytes), align: 0
  Segment part 55.            Intra module refs:   key12_isr
           ENTRY                   ADDRESS         REF BY
           =====                   =======         ======
           key12_buf               029B 
    -------------------------------------------------------------------------
DATA16_Z
  Relative segment, address: 029C - 029C (0x1 bytes), align: 0
  Segment part 56.            Intra module refs:   key34_isr
           ENTRY                   ADDRESS         REF BY
           =====                   =======         ======
           key34_buf               029C 
    -------------------------------------------------------------------------
DATA16_Z
  Relative segment, address: 029D - 029D (0x1 bytes), align: 0
  Segment part 57.            Intra module refs:   Timer0_ccr0_isr
                                                   key12_isr
                                                   key34_isr
           ENTRY                   ADDRESS         REF BY
           =====                   =======         ======
           key_trg                 029D 
    -------------------------------------------------------------------------
DATA16_Z
  Relative segment, address: 029E - 029E (0x1 bytes), align: 0
  Segment part 58.            Intra module refs:   Timer0_ccr0_isr
                                                   main
           ENTRY                   ADDRESS         REF BY
           =====                   =======         ======
           config_flag             029E 
    -------------------------------------------------------------------------
DATA16_Z
  Relative segment, address: 029F - 029F (0x1 bytes), align: 0
  Segment part 59.            Intra module refs:   Timer0_ccr0_isr
                                                   main
           ENTRY                   ADDRESS         REF BY
           =====                   =======         ======
           record_flag             029F 
    -------------------------------------------------------------------------
DATA16_Z
  Relative segment, address: 02A0 - 02A0 (0x1 bytes), align: 0
  Segment part 60.            Intra module refs:   Timer0_ccr0_isr
                                                   main
           ENTRY                   ADDRESS         REF BY
           =====                   =======         ======
           uart_flag               02A0 
    -------------------------------------------------------------------------
DATA16_I
  Relative segment, address: 0200 - 0200 (0x1 bytes), align: 0
  Segment part 61.            Intra module refs:   Timer0_ccr0_isr
                                                   main
           ENTRY                   ADDRESS         REF BY
           =====                   =======         ======
           file_select             0200 
    -------------------------------------------------------------------------
DATA16_I
  Relative segment, address: 0201 - 0201 (0x1 bytes), align: 0
  Segment part 63.            Intra module refs:   Timer0_ccr0_isr
                                                   main
           ENTRY                   ADDRESS         REF BY
           =====                   =======         ======
           light_flag              0201 
    -------------------------------------------------------------------------
DATA16_Z
  Relative segment, address: 02A1 - 02A1 (0x1 bytes), align: 0
  Segment part 65.            Intra module refs:   main
           ENTRY                   ADDRESS         REF BY
           =====                   =======         ======
           time_flag               02A1 
    -------------------------------------------------------------------------
DATA16_C
  Relative segment, address: C000 - C00C (0xd bytes), align: 0
  Segment part 42.            Intra module refs:   main
    -------------------------------------------------------------------------
DATA16_C
  Relative segment, address: C00D - C010 (0x4 bytes), align: 0
  Segment part 43.            Intra module refs:   main
    -------------------------------------------------------------------------
DATA16_C
  Relative segment, address: C011 - C01D (0xd bytes), align: 0
  Segment part 44.            Intra module refs:   main
    -------------------------------------------------------------------------
DATA16_C
  Relative segment, address: C01E - C02A (0xd bytes), align: 0
  Segment part 45.            Intra module refs:   main
    -------------------------------------------------------------------------
DATA16_C
  Relative segment, address: C02B - C037 (0xd bytes), align: 0
  Segment part 46.            Intra module refs:   main
    -------------------------------------------------------------------------
DATA16_C
  Relative segment, address: C038 - C043 (0xc bytes), align: 0
  Segment part 70.            Intra module refs:   DispTime
           ENTRY                   ADDRESS         REF BY
           =====                   =======         ======
           dat_tab1                C038 
    -------------------------------------------------------------------------
DATA16_C
  Relative segment, address: C044 - C04F (0xc bytes), align: 0
  Segment part 71.            Intra module refs:   DispTime
           ENTRY                   ADDRESS         REF BY
           =====                   =======         ======
           dat_tab2                C044 
    -------------------------------------------------------------------------
<CODE> 1 (was CODE)
  Relative segment, address: C342 - C5A7 (0x266 bytes), align: 1
  Segment part 85.
           ENTRY                   ADDRESS         REF BY
           =====                   =======         ======
           main                    C342            Segment part 17 (?cstart)
               calls direct
               CSTACK = 00000000 ( 00000068 )
    -------------------------------------------------------------------------
<CODE> 1 (was CODE)
  Relative segment, address: DB0A - DB2F (0x26 bytes), align: 1
  Segment part 82.            Intra module refs:   main
           ENTRY                   ADDRESS         REF BY
           =====                   =======         ======
           InitSysClk              DB0A 
               CSTACK = 00000000 ( 00000002 )
    -------------------------------------------------------------------------
<CODE> 1 (was CODE)
  Relative segment, address: D622 - D69B (0x7a bytes), align: 1
  Segment part 81.            Intra module refs:   main
           ENTRY                   ADDRESS         REF BY
           =====                   =======         ======
           InitDisplay             D622 
               calls direct
               CSTACK = 00000000 ( 00000006 )
    -------------------------------------------------------------------------
<CODE> 1 (was CODE)
  Relative segment, address: D9FE - DA2D (0x30 bytes), align: 1
  Segment part 80.            Intra module refs:   main
           ENTRY                   ADDRESS         REF BY
           =====                   =======         ======
           InitUart                D9FE 
               CSTACK = 00000000 ( 00000002 )
    -------------------------------------------------------------------------
<CODE> 1 (was CODE)
  Relative segment, address: D7F0 - D851 (0x62 bytes), align: 1
  Segment part 79.            Intra module refs:   USCI_A0_RX_ISR::??INTVEC 14
           ENTRY                   ADDRESS         REF BY
           =====                   =======         ======
           USCI_A0_RX_ISR          D7F0 
               interrupt function
               CSTACK = 00000000 ( 0000000A )
    -------------------------------------------------------------------------
<CODE> 1 (was CODE)
  Relative segment, address: DBEC - DBFF (0x14 bytes), align: 1
  Segment part 78.            Intra module refs:   main
           ENTRY                   ADDRESS         REF BY
           =====                   =======         ======
           InitTimerA0             DBEC 
               CSTACK = 00000000 ( 00000002 )
    -------------------------------------------------------------------------
<CODE> 1 (was CODE)
  Relative segment, address: D196 - D23B (0xa6 bytes), align: 1
  Segment part 77.            Intra module refs:   Timer0_ccr0_isr::??INTVEC 18
           ENTRY                   ADDRESS         REF BY
           =====                   =======         ======
           Timer0_ccr0_isr         D196 
               interrupt function
               CSTACK = 00000000 ( 00000006 )
    -------------------------------------------------------------------------
<CODE> 1 (was CODE)
  Relative segment, address: D852 - D89B (0x4a bytes), align: 1
  Segment part 76.            Intra module refs:   main
           ENTRY                   ADDRESS         REF BY
           =====                   =======         ======
           InitKey                 D852 
               CSTACK = 00000000 ( 00000002 )
    -------------------------------------------------------------------------
<CODE> 1 (was CODE)
  Relative segment, address: DBD6 - DBEB (0x16 bytes), align: 1
  Segment part 75.            Intra module refs:   key12_isr::??INTVEC 4
           ENTRY                   ADDRESS         REF BY
           =====                   =======         ======
           key12_isr               DBD6 
               interrupt function
               CSTACK = 00000000 ( 00000004 )
    -------------------------------------------------------------------------
<CODE> 1 (was CODE)
  Relative segment, address: D998 - D9CB (0x34 bytes), align: 1
  Segment part 74.            Intra module refs:   key34_isr::??INTVEC 6
           ENTRY                   ADDRESS         REF BY
           =====                   =======         ======
           key34_isr               D998 
               interrupt function
               calls direct
               CSTACK = 00000000 ( 0000000C )
    -------------------------------------------------------------------------
<CODE> 1 (was CODE)
  Relative segment, address: D03A - D0E9 (0xb0 bytes), align: 1
  Segment part 73.            Intra module refs:   main
           ENTRY                   ADDRESS         REF BY
           =====                   =======         ======
           DispUpdate              D03A 
               calls direct
               CSTACK = 00000000 ( 00000006 )
    -------------------------------------------------------------------------
<CODE> 1 (was CODE)
  Relative segment, address: C934 - CA9D (0x16a bytes), align: 1
  Segment part 72.            Intra module refs:   main
           ENTRY                   ADDRESS         REF BY
           =====                   =======         ======
           DispTime                C934 
               calls direct
               CSTACK = 00000000 ( 00000012 )
    -------------------------------------------------------------------------
INTVEC
  Common segment, address: FFE0 - FFE5 (0x6 bytes), align: 1
  Segment part 36. ROOT.
           ENTRY                   ADDRESS         REF BY
           =====                   =======         ======
           key12_isr::??INTVEC 4   FFE4 
    -------------------------------------------------------------------------
INTVEC
  Common segment, address: FFE0 - FFE7 (0x8 bytes), align: 1
  Segment part 37. ROOT.
           ENTRY                   ADDRESS         REF BY
           =====                   =======         ======
           key34_isr::??INTVEC 6   FFE6 
    -------------------------------------------------------------------------
INTVEC
  Common segment, address: FFE0 - FFEF (0x10 bytes), align: 1
  Segment part 38. ROOT.
           ENTRY                   ADDRESS         REF BY
           =====                   =======         ======
           USCI_A0_RX_ISR::??INTVEC 14
                                   FFEE 
    -------------------------------------------------------------------------
INTVEC
  Common segment, address: FFE0 - FFF3 (0x14 bytes), align: 1
  Segment part 39. ROOT.
           ENTRY                   ADDRESS         REF BY
           =====                   =======         ======
           Timer0_ccr0_isr::??INTVEC 18
                                   FFF2 
    -------------------------------------------------------------------------
DATA16_ID
  Relative segment, address: C318 - C318 (0x1 bytes), align: 0
  Segment part 62.            Intra module refs:   file_select
    -------------------------------------------------------------------------
DATA16_ID
  Relative segment, address: C319 - C319 (0x1 bytes), align: 0
  Segment part 64.            Intra module refs:   light_flag

    *************************************************************************

  FILE NAME : E:\WorkSpace\IAR_MSP430\GPS_V1\Debug\Obj\lcd.r43
  PROGRAM MODULE, NAME : lcd

  SEGMENTS IN THE MODULE
  ======================
DATA16_C
  Relative segment, address: C050 - C289 (0x23a bytes), align: 0
  Segment part 4.             Intra module refs:   LCD_WriteChar
                                                   LCD_WriteCharX
           ENTRY                   ADDRESS         REF BY
           =====                   =======         ======
           font6x8                 C050 
    -------------------------------------------------------------------------
DATA16_C
  Relative segment, address: C28A - C2F9 (0x70 bytes), align: 0
  Segment part 5.             Intra module refs:   LCD_WriteIcon
           ENTRY                   ADDRESS         REF BY
           =====                   =======         ======
           icon                    C28A 
    -------------------------------------------------------------------------
DATA16_C
  Relative segment, address: C2FA - C317 (0x1e bytes), align: 0
  Segment part 6.             Intra module refs:   LCD_WriteIconX
           ENTRY                   ADDRESS         REF BY
           =====                   =======         ======
           iconx                   C2FA 
    -------------------------------------------------------------------------
DATA16_Z
  Relative segment, address: 02A2 - 02BD (0x1c bytes), align: 0
  Segment part 8.             Intra module refs:   LCD_Init
           ENTRY                   ADDRESS         REF BY
           =====                   =======         ======
           FontLink                02A2 
    -------------------------------------------------------------------------
<CODE> 1 (was CODE)
  Relative segment, address: D520 - D5A5 (0x86 bytes), align: 1
  Segment part 19.
           ENTRY                   ADDRESS         REF BY
           =====                   =======         ======
           LCD_Init                D520            main (gps_v1)
               calls direct
               CSTACK = 00000000 ( 00000004 )
    -------------------------------------------------------------------------
<CODE> 1 (was CODE)
  Relative segment, address: D922 - D95F (0x3e bytes), align: 1
  Segment part 9.             Intra module refs:   LCD_Clear
                                                   LCD_Init
                                                   LCD_SetAddr
                                                   LCD_WriteChar
                                                   LCD_WriteCharX
                                                   LCD_WriteIcon
                                                   LCD_WriteIconX
           ENTRY                   ADDRESS         REF BY
           =====                   =======         ======
           LCD_WriteByte           D922 
               CSTACK = 00000000 ( 00000002 )
    -------------------------------------------------------------------------
<CODE> 1 (was CODE)
  Relative segment, address: DB30 - DB51 (0x22 bytes), align: 1
  Segment part 18.            Intra module refs:   LCD_Init
           ENTRY                   ADDRESS         REF BY
           =====                   =======         ======
           LCD_Clear               DB30 
               calls direct
               CSTACK = 00000000 ( 00000004 )
    -------------------------------------------------------------------------
<CODE> 1 (was CODE)
  Relative segment, address: DBA8 - DBBF (0x18 bytes), align: 1
  Segment part 10.            Intra module refs:   LCD_Clear
                                                   LCD_WriteChar
                                                   LCD_WriteCharX
                                                   LCD_WriteIcon
                                                   LCD_WriteIconX
                                                   LCD_WriteString
           ENTRY                   ADDRESS         REF BY
           =====                   =======         ======
           LCD_SetAddr             DBA8 
               calls direct
               CSTACK = 00000000 ( 00000002 )
    -------------------------------------------------------------------------
<CODE> 1 (was CODE)
  Relative segment, address: D9CC - D9FD (0x32 bytes), align: 1
  Segment part 15.            Intra module refs:   LCD_WriteString
           ENTRY                   ADDRESS         REF BY
           =====                   =======         ======
           LCD_WriteChar           D9CC            DispTime (gps_v1)
                                                   InitDisplay (gps_v1)
                                                   key34_isr (gps_v1)
                                                   main (gps_v1)
               calls direct
               CSTACK = 00000000 ( 00000004 )
    -------------------------------------------------------------------------
<CODE> 1 (was CODE)
  Relative segment, address: D89C - D8E1 (0x46 bytes), align: 1
  Segment part 17.
           ENTRY                   ADDRESS         REF BY
           =====                   =======         ======
           LCD_WriteCharX          D89C            DispUpdate (gps_v1)
               calls direct
               CSTACK = 00000000 ( 0000000A )
    -------------------------------------------------------------------------
<CODE> 1 (was CODE)
  Relative segment, address: DAE0 - DB09 (0x2a bytes), align: 1
  Segment part 16.
           ENTRY                   ADDRESS         REF BY
           =====                   =======         ======
           LCD_WriteString         DAE0            main (gps_v1)
               calls direct
               CSTACK = 00000000 ( 00000008 )
    -------------------------------------------------------------------------
<CODE> 1 (was CODE)
  Relative segment, address: DA5E - DA8B (0x2e bytes), align: 1
  Segment part 12.
           ENTRY                   ADDRESS         REF BY
           =====                   =======         ======
           LCD_WriteIcon           DA5E            InitDisplay (gps_v1)
                                                   main (gps_v1)
               calls direct
               CSTACK = 00000000 ( 00000006 )
    -------------------------------------------------------------------------
<CODE> 1 (was CODE)
  Relative segment, address: DAB6 - DADF (0x2a bytes), align: 1
  Segment part 11.
           ENTRY                   ADDRESS         REF BY
           =====                   =======         ======
           LCD_WriteIconX          DAB6            DispUpdate (gps_v1)
                                                   InitDisplay (gps_v1)
               calls direct
               CSTACK = 00000000 ( 00000008 )

    *************************************************************************

  FILE NAME : E:\WorkSpace\IAR_MSP430\GPS_V1\Debug\Obj\pff.r43
  PROGRAM MODULE, NAME : pff

  SEGMENTS IN THE MODULE
  ======================
DATA16_Z
  Relative segment, address: 0204 - 0205 (0x2 bytes), align: 1
  Segment part 2.             Intra module refs:   clust2sect
                                                   dir_next
                                                   dir_rewind
                                                   get_fat
                                                   pf_mount
                                                   pf_open
                                                   pf_write
           LOCAL                   ADDRESS         
           =====                   =======         
           FatFs                   0204 
    -------------------------------------------------------------------------
<CODE> 1 (was CODE)
  Relative segment, address: DC24 - DC35 (0x12 bytes), align: 1
  Segment part 12.            Intra module refs:   create_name
           LOCAL                   ADDRESS         
           =====                   =======         
           mem_set                 DC24 
               CSTACK = 00000000 ( 00000002 )
    -------------------------------------------------------------------------
<CODE> 1 (was CODE)
  Relative segment, address: DB8E - DBA7 (0x1a bytes), align: 1
  Segment part 9.             Intra module refs:   dir_find
           LOCAL                   ADDRESS         
           =====                   =======         
           mem_cmp                 DB8E 
               CSTACK = 00000000 ( 00000004 )
    -------------------------------------------------------------------------
<CODE> 1 (was CODE)
  Relative segment, address: CEC8 - CF83 (0xbc bytes), align: 1
  Segment part 4.             Intra module refs:   dir_next
                                                   pf_write
           LOCAL                   ADDRESS         
           =====                   =======         
           get_fat                 CEC8 
               calls direct
               CSTACK = 00000000 ( 0000000C )
    -------------------------------------------------------------------------
<CODE> 1 (was CODE)
  Relative segment, address: D8E2 - D921 (0x40 bytes), align: 1
  Segment part 3.             Intra module refs:   dir_next
                                                   dir_rewind
                                                   pf_write
           LOCAL                   ADDRESS         
           =====                   =======         
           clust2sect              D8E2 
               CSTACK = 00000000 ( 00000004 )
    -------------------------------------------------------------------------
<CODE> 1 (was CODE)
  Relative segment, address: D714 - D785 (0x72 bytes), align: 1
  Segment part 10.            Intra module refs:   dir_find
                                                   follow_path
           LOCAL                   ADDRESS         
           =====                   =======         
           dir_rewind              D714 
               calls direct
               CSTACK = 00000000 ( 00000004 )
    -------------------------------------------------------------------------
<CODE> 1 (was CODE)
  Relative segment, address: D2E0 - D37B (0x9c bytes), align: 1
  Segment part 8.             Intra module refs:   dir_find
           LOCAL                   ADDRESS         
           =====                   =======         
           dir_next                D2E0 
               calls direct
               CSTACK = 00000000 ( 00000008 )
    -------------------------------------------------------------------------
<CODE> 1 (was CODE)
  Relative segment, address: D5A6 - D621 (0x7c bytes), align: 1
  Segment part 11.            Intra module refs:   follow_path
           LOCAL                   ADDRESS         
           =====                   =======         
           dir_find                D5A6 
               calls direct
               CSTACK = 00000000 ( 0000000A )
    -------------------------------------------------------------------------
<CODE> 1 (was CODE)
  Relative segment, address: D498 - D51F (0x88 bytes), align: 1
  Segment part 13.            Intra module refs:   follow_path
           LOCAL                   ADDRESS         
           =====                   =======         
           create_name             D498 
               calls direct
               CSTACK = 00000000 ( 0000000A )
    -------------------------------------------------------------------------
<CODE> 1 (was CODE)
  Relative segment, address: D0EA - D195 (0xac bytes), align: 1
  Segment part 14.            Intra module refs:   pf_open
           LOCAL                   ADDRESS         
           =====                   =======         
           follow_path             D0EA 
               calls direct
               CSTACK = 00000000 ( 00000008 )
    -------------------------------------------------------------------------
<CODE> 1 (was CODE)
  Relative segment, address: D40C - D497 (0x8c bytes), align: 1
  Segment part 16.            Intra module refs:   pf_mount
           LOCAL                   ADDRESS         
           =====                   =======         
           check_fs                D40C 
               calls direct
               CSTACK = 00000000 ( 0000000A )
    -------------------------------------------------------------------------
<CODE> 1 (was CODE)
  Relative segment, address: C5A8 - C7B3 (0x20c bytes), align: 1
  Segment part 17.
           ENTRY                   ADDRESS         REF BY
           =====                   =======         ======
           pf_mount                C5A8            main (gps_v1)
               calls direct
               CSTACK = 00000000 ( 00000034 )
    -------------------------------------------------------------------------
<CODE> 1 (was CODE)
  Relative segment, address: D23C - D2DF (0xa4 bytes), align: 1
  Segment part 15.
           ENTRY                   ADDRESS         REF BY
           =====                   =======         ======
           pf_open                 D23C            main (gps_v1)
               calls direct
               CSTACK = 00000000 ( 00000044 )
    -------------------------------------------------------------------------
<CODE> 1 (was CODE)
  Relative segment, address: CA9E - CBFD (0x160 bytes), align: 1
  Segment part 6.
           ENTRY                   ADDRESS         REF BY
           =====                   =======         ======
           pf_write                CA9E            main (gps_v1)
               calls direct
               CSTACK = 00000000 ( 0000000E )

    *************************************************************************

  FILE NAME : E:\WorkSpace\IAR_MSP430\GPS_V1\Debug\Obj\spi.r43
    *************************************************************************

  FILE NAME : D:\IAR Systems\430\LIB\DLIB\dl430fn.r43
  LIBRARY MODULE, NAME : ?__dbg_break

  SEGMENTS IN THE MODULE
  ======================
<CODE> 1 (was CODE)
  Relative segment, address: DCAE - DCAF (0x2 bytes), align: 1
  Segment part 2.
           ENTRY                   ADDRESS         REF BY
           =====                   =======         ======
           __DebugBreak            DCAE            __exit (?__exit)

    -------------------------------------------------------------------------
  LIBRARY MODULE, NAME : ?__exit

  SEGMENTS IN THE MODULE
  ======================
<CODE> 1 (was CODE)
  Relative segment, address: DBC0 - DBD5 (0x16 bytes), align: 1
  Segment part 2.
           ENTRY                   ADDRESS         REF BY
           =====                   =======         ======
           __exit                  DBC0            Segment part 6 (?_exit)
                                                   _exit (?_exit)
               calls direct

    -------------------------------------------------------------------------
  LIBRARY MODULE, NAME : ?_exit

  SEGMENTS IN THE MODULE
  ======================
<CODE> 1 (was CODE)
  Relative segment, address: DCA6, align: 1
  Segment part 0.
           ENTRY                   ADDRESS         REF BY
           =====                   =======         ======
           _exit                   DCA6            exit (?exit)
    -------------------------------------------------------------------------
<CODE> 1 (was CODE)
  Relative segment, address: DCA6 - DCA9 (0x4 bytes), align: 1
  Segment part 6.             Intra module refs:   _exit

    -------------------------------------------------------------------------
  LIBRARY MODULE, NAME : ?cstart

  SEGMENTS IN THE MODULE
  ======================
CSTACK
  Relative segment, address: 03B0, align: 1
  Segment part 1.
    -------------------------------------------------------------------------
DATA16_Z
  Relative segment, address: 0206, align: 1
  Segment part 2.
    -------------------------------------------------------------------------
DATA16_I
  Relative segment, address: 0200, align: 1
  Segment part 3.
    -------------------------------------------------------------------------
DATA16_ID
  Relative segment, address: C318, align: 1
  Segment part 4.
    -------------------------------------------------------------------------
CSTART
  Relative segment, address: C31A - C31D (0x4 bytes), align: 1
  Segment part 9.
           ENTRY                   ADDRESS         REF BY
           =====                   =======         ======
           __program_start         C31A            ?reset_vector (?reset_vector)
                                                   Absolute parts (?ABS_ENTRY_MOD)
           ?cstart_begin           C31A 
    -------------------------------------------------------------------------
CSTART
  Relative segment, address: C31E - C329 (0xc bytes), align: 1
  Segment part 12.
           ENTRY                   ADDRESS         REF BY
           =====                   =======         ======
           ?cstart_init_zero       C31E            CardType (diskio)
                                                   FatFs (pff)
                                                   FontLink (lcd)
                                                   config_flag (gps_v1)
                                                   disk_writep::wc (diskio)
                                                   g_comma (gps_v1)
                                                   g_comma_cnt (gps_v1)
                                                   g_rcv_buf (gps_v1)
                                                   g_rcv_cnt (gps_v1)
                                                   g_rcv_ok (gps_v1)
                                                   g_rcv_start (gps_v1)
                                                   g_rmc_data (gps_v1)
                                                   key12_buf (gps_v1)
                                                   key34_buf (gps_v1)
                                                   key_trg (gps_v1)
                                                   record_flag (gps_v1)
                                                   time_flag (gps_v1)
                                                   uart_flag (gps_v1)
    -------------------------------------------------------------------------
CSTART
  Relative segment, address: C32A - C339 (0x10 bytes), align: 1
  Segment part 13.
           ENTRY                   ADDRESS         REF BY
           =====                   =======         ======
           ?cstart_init_copy       C32A            file_select (gps_v1)
                                                   light_flag (gps_v1)
    -------------------------------------------------------------------------
CSTART
  Relative segment, address: C33A - C341 (0x8 bytes), align: 1
  Segment part 17.            Intra module refs:   Segment part 9
           ENTRY                   ADDRESS         REF BY
           =====                   =======         ======
           ?cstart_call_main       C33A 
           ?cstart_end             C342 

    -------------------------------------------------------------------------
  LIBRARY MODULE, NAME : ?reset_vector

  SEGMENTS IN THE MODULE
  ======================
RESET
  Relative segment, address: FFFE - FFFF (0x2 bytes), align: 1
  Segment part 0.
           ENTRY                   ADDRESS         REF BY
           =====                   =======         ======
           ?reset_vector           FFFE            Segment part 9 (?cstart)

    -------------------------------------------------------------------------
  LIBRARY MODULE, NAME : ?Epilogue

  SEGMENTS IN THE MODULE
  ======================
<CODE> 1 (was CODE)
  Relative segment, address: DC00 - DC11 (0x12 bytes), align: 1
  Segment part 0.
           ENTRY                   ADDRESS         REF BY
           =====                   =======         ======
           ?Epilogue3              DC0A            LCD_WriteIconX (lcd)
                                                   LCD_WriteString (lcd)
                                                   check_fs (pff)
                                                   dir_find (pff)
                                                   dir_next (pff)
                                                   disk_initialize (diskio)
                                                   disk_readp (diskio)
                                                   pf_open (pff)
                                                   rmc_dec (gps_v1)
           ?Epilogue4              DC08            LCD_WriteCharX (lcd)
                                                   create_name (pff)
                                                   send_cmd (diskio)
           ?Epilogue5              DC06 
           ?Epilogue6              DC04            pf_mount (pff)
                                                   pf_write (pff)
           ?Epilogue7              DC02 
           ?Epilogue8              DC00            DispTime (gps_v1)

    -------------------------------------------------------------------------
  LIBRARY MODULE, NAME : ?exit

  SEGMENTS IN THE MODULE
  ======================
<CODE> 1 (was CODE)
  Relative segment, address: DCAA - DCAD (0x4 bytes), align: 1
  Segment part 2.
           ENTRY                   ADDRESS         REF BY
           =====                   =======         ======
           exit                    DCAA            Segment part 17 (?cstart)
               calls direct
               CSTACK = 00000000 ( 00000002 )

    -------------------------------------------------------------------------
  LIBRARY MODULE, NAME : ?Mul32

  SEGMENTS IN THE MODULE
  ======================
<CODE> 1 (was CODE)
  Relative segment, address: DA2E - DA5D (0x30 bytes), align: 1
  Segment part 0.
           ENTRY                   ADDRESS         REF BY
           =====                   =======         ======
           ?Mul32                  DA2E            clust2sect (pff)
                                                   pf_mount (pff)

    -------------------------------------------------------------------------
  LIBRARY MODULE, NAME : ?DivMod816u

  SEGMENTS IN THE MODULE
  ======================
<CODE> 1 (was CODE)
  Relative segment, address: DB72 - DB8D (0x1c bytes), align: 1
  Segment part 0.
           ENTRY                   ADDRESS         REF BY
           =====                   =======         ======
           ?DivMod8u               DB72            DispTime (gps_v1)
                                                   main (gps_v1)
           ?DivMod16u              DB76 

    -------------------------------------------------------------------------
  LIBRARY MODULE, NAME : ?DivMod32u

  SEGMENTS IN THE MODULE
  ======================
<CODE> 1 (was CODE)
  Relative segment, address: D960 - D997 (0x38 bytes), align: 1
  Segment part 0.
           ENTRY                   ADDRESS         REF BY
           =====                   =======         ======
           ?DivMod32u              D960            pf_mount (pff)

    -------------------------------------------------------------------------
  LIBRARY MODULE, NAME : ?ShiftLeft32_8n

  SEGMENTS IN THE MODULE
  ======================
<CODE> 1 (was CODE)
  Relative segment, address: DC5A - DC5D (0x4 bytes), align: 1
  Segment part 5.
           ENTRY                   ADDRESS         REF BY
           =====                   =======         ======
           ?ShiftLeft32_9          DC5A            disk_readp (diskio)
                                                   disk_writep (diskio)
    -------------------------------------------------------------------------
<CODE> 1 (was CODE)
  Relative segment, address: DC5E - DC69 (0xc bytes), align: 1
  Segment part 6.             Intra module refs:   ?ShiftLeft32_9
           ENTRY                   ADDRESS         REF BY
           =====                   =======         ======
           ?ShiftLeft32_8          DC5E 

    -------------------------------------------------------------------------
  LIBRARY MODULE, NAME : ?ShiftRight32u_n

  SEGMENTS IN THE MODULE
  ======================
<CODE> 1 (was CODE)
  Relative segment, address: DA8C - DA91 (0x6 bytes), align: 1
  Segment part 0.
           ENTRY                   ADDRESS         REF BY
           =====                   =======         ======
           ?ShiftRight32u_7        DA8C            get_fat (pff)
    -------------------------------------------------------------------------
<CODE> 1 (was CODE)
  Relative segment, address: DA92 - DA97 (0x6 bytes), align: 1
  Segment part 1.             Intra module refs:   ?ShiftRight32u_7
           ENTRY                   ADDRESS         REF BY
           =====                   =======         ======
           ?ShiftRight32u_6        DA92 
    -------------------------------------------------------------------------
<CODE> 1 (was CODE)
  Relative segment, address: DA98 - DA9D (0x6 bytes), align: 1
  Segment part 2.             Intra module refs:   ?ShiftRight32u_6
           ENTRY                   ADDRESS         REF BY
           =====                   =======         ======
           ?ShiftRight32u_5        DA98 
    -------------------------------------------------------------------------
<CODE> 1 (was CODE)
  Relative segment, address: DA9E - DAA3 (0x6 bytes), align: 1
  Segment part 3.             Intra module refs:   ?ShiftRight32u_5
           ENTRY                   ADDRESS         REF BY
           =====                   =======         ======
           ?ShiftRight32u_4        DA9E 
    -------------------------------------------------------------------------
<CODE> 1 (was CODE)
  Relative segment, address: DAA4 - DAA9 (0x6 bytes), align: 1
  Segment part 4.             Intra module refs:   ?ShiftRight32u_4
           ENTRY                   ADDRESS         REF BY
           =====                   =======         ======
           ?ShiftRight32u_3        DAA4 
    -------------------------------------------------------------------------
<CODE> 1 (was CODE)
  Relative segment, address: DAAA - DAB5 (0xc bytes), align: 1
  Segment part 5.             Intra module refs:   ?ShiftRight32u_3
           ENTRY                   ADDRESS         REF BY
           =====                   =======         ======
           ?ShiftRight32u_2        DAAA 

    -------------------------------------------------------------------------
  LIBRARY MODULE, NAME : ?ShiftRight32u_8n

  SEGMENTS IN THE MODULE
  ======================
<CODE> 1 (was CODE)
  Relative segment, address: DC48 - DC4D (0x6 bytes), align: 1
  Segment part 5.
           ENTRY                   ADDRESS         REF BY
           =====                   =======         ======
           ?ShiftRight32u_9        DC48            pf_write (pff)
    -------------------------------------------------------------------------
<CODE> 1 (was CODE)
  Relative segment, address: DC4E - DC59 (0xc bytes), align: 1
  Segment part 6.             Intra module refs:   ?ShiftRight32u_9
           ENTRY                   ADDRESS         REF BY
           =====                   =======         ======
           ?ShiftRight32u_8        DC4E 

    -------------------------------------------------------------------------
  LIBRARY MODULE, NAME : ?memcpy

  SEGMENTS IN THE MODULE
  ======================
<CODE> 1 (was CODE)
  Relative segment, address: DC12 - DC23 (0x12 bytes), align: 1
  Segment part 2.
           ENTRY                   ADDRESS         REF BY
           =====                   =======         ======
           memcpy                  DC12            __data16_memcpy (?memzero)
               CSTACK = 00000000 ( 00000002 )

    -------------------------------------------------------------------------
  LIBRARY MODULE, NAME : ?CopyMemoryBytes

  SEGMENTS IN THE MODULE
  ======================
<CODE> 1 (was CODE)
  Relative segment, address: DC7A - DC89 (0x10 bytes), align: 1
  Segment part 0.
           ENTRY                   ADDRESS         REF BY
           =====                   =======         ======
           ?CopyMemoryBytes        DC7A            main (gps_v1)
                                                   rmc_dec (gps_v1)

    -------------------------------------------------------------------------
  LIBRARY MODULE, NAME : ?ClearMemoryBytes

  SEGMENTS IN THE MODULE
  ======================
<CODE> 1 (was CODE)
  Relative segment, address: DC6A - DC79 (0x10 bytes), align: 1
  Segment part 0.
           ENTRY                   ADDRESS         REF BY
           =====                   =======         ======
           ?ClearMemoryBytes       DC6A            rmc_dec (gps_v1)

    -------------------------------------------------------------------------
  LIBRARY MODULE, NAME : ?memzero

  SEGMENTS IN THE MODULE
  ======================
<CODE> 1 (was CODE)
  Relative segment, address: DC36 - DC47 (0x12 bytes), align: 1
  Segment part 4.
           ENTRY                   ADDRESS         REF BY
           =====                   =======         ======
           __data16_memzero        DC36            ?cstart_init_zero (?cstart)
               CSTACK = 00000000 ( 00000002 )
    -------------------------------------------------------------------------
<CODE> 1 (was CODE)
  Relative segment, address: DCA2 - DCA5 (0x4 bytes), align: 1
  Segment part 3.
           ENTRY                   ADDRESS         REF BY
           =====                   =======         ======
           __data16_memcpy         DCA2            ?cstart_init_copy (?cstart)
               calls direct
               CSTACK = 00000000 ( 00000002 )




                ****************************************
                *                                      *
                *      SEGMENTS IN ADDRESS ORDER       *
                *                                      *
                ****************************************


SEGMENT              SPACE    START ADDRESS   END ADDRESS     SIZE  TYPE  ALIGN
=======              =====    =============   ===========     ====  ====  =====
DATA16_AN                              0001 - 0002               2   rel    0
                                       0020 - 002F              10 
                                       0041 - 0042               2 
                                       0056 - 0058               3 
                                       0061 - 0064               4 
                                       0066 - 0067               2 
                                       0120 - 0121               2 
                                       0160 - 0163               4 
                                       0172 - 0173               2 
DATA16_I                               0200 - 0201               2   rel    1
DATA16_Z                               0202 - 02BD              BC   rel    1
CSTACK                                 03B0 - 03FF              50   rel    1
DATA16_AN                              10FE - 10FF               2   rel    0
DATA16_C                               C000 - C317             318   rel    0
DATA16_ID                              C318 - C319               2   rel    1
CSTART                                 C31A - C341              28   rel    1
<CODE> 1                               C342 - DCAF            196E   rel    1
INTVEC                                 FFE0 - FFF3              14   com    1
RESET                                  FFFE - FFFF               2   rel    1

                ****************************************
                *                                      *
                *        END OF CROSS REFERENCE        *
                *                                      *
                ****************************************

 6 572 bytes of CODE  memory
   270 bytes of DATA  memory (+ 39 absolute )
   794 bytes of CONST memory

Errors: none
Warnings: none

